Collecting numpy==2.5.3 (from -r requirements.txt (line 1))
  Using cached numpy-2.5.3-cp313-cp313-manylinux_2_27_x86_64.manylinux_2_28_x86_64.whl.metadata (6.6 kB)
Collecting pandas==3.0.5 (from -r requirements.txt (line 2))
  Using cached pandas-3.0.5-cp313-cp313-manylinux_2_24_x86_64.manylinux_2_28_x86_64.whl.metadata (79 kB)
Collecting scikit-learn==1.9.1 (from -r requirements.txt (line 3))
  Using cached scikit_learn-1.9.1-cp313-cp313-manylinux_2_27_x86_64.manylinux_2_28_x86_64.whl.metadata (9.3 kB)
Collecting joblib==1.6.0 (from -r requirements.txt (line 4))
  Using cached joblib-1.6.0-py3-none-any.whl.metadata (6.5 kB)
Collecting python-dateutil>=2.8.2 (from pandas==3.0.5->-r requirements.txt (line 2))
  Using cached python_dateutil-2.9.0.post0-py2.py3-none-any.whl.metadata (8.4 kB)
Collecting scipy>=1.10.0 (from scikit-learn==1.9.1->-r requirements.txt (line 3))
  Using cached scipy-1.18.1-cp313-cp313-manylinux_2_27_x86_64.manylinux_2_28_x86_64.whl.metadata (62 kB)
Collecting narwhals>=2.0.1 (from scikit-learn==1.9.1->-r requirements.txt (line 3))
  Using cached narwhals-2.26.0-py3-none-any.whl.metadata (15 kB)
Collecting threadpoolctl>=3.5.0 (from scikit-learn==1.9.1->-r requirements.txt (line 3))
  Using cached threadpoolctl-3.7.0-py3-none-any.whl.metadata (24 kB)
Collecting cloudpickle>=3.0 (from joblib==1.6.0->-r requirements.txt (line 4))
  Using cached cloudpickle-3.1.2-py3-none-any.whl.metadata (7.1 kB)
Collecting six>=1.5 (from python-dateutil>=2.8.2->pandas==3.0.5->-r requirements.txt (line 2))
  Using cached six-1.17.0-py2.py3-none-any.whl.metadata (1.7 kB)
Using cached numpy-2.5.3-cp313-cp313-manylinux_2_27_x86_64.manylinux_2_28_x86_64.whl (16.7 MB)
Using cached pandas-3.0.5-cp313-cp313-manylinux_2_24_x86_64.manylinux_2_28_x86_64.whl (10.9 MB)
Using cached scikit_learn-1.9.1-cp313-cp313-manylinux_2_27_x86_64.manylinux_2_28_x86_64.whl (9.1 MB)
Using cached joblib-1.6.0-py3-none-any.whl (306 kB)
Using cached cloudpickle-3.1.2-py3-none-any.whl (22 kB)
Using cached narwhals-2.26.0-py3-none-any.whl (474 kB)
Using cached python_dateutil-2.9.0.post0-py2.py3-none-any.whl (229 kB)
Using cached scipy-1.18.1-cp313-cp313-manylinux_2_27_x86_64.manylinux_2_28_x86_64.whl (35.3 MB)
Using cached six-1.17.0-py2.py3-none-any.whl (11 kB)
Using cached threadpoolctl-3.7.0-py3-none-any.whl (26 kB)
Installing collected packages: threadpoolctl, six, numpy, narwhals, cloudpickle, scipy, python-dateutil, joblib, scikit-learn, pandas

Successfully installed cloudpickle-3.1.2 joblib-1.6.0 narwhals-2.26.0 numpy-2.5.3 pandas-3.0.5 python-dateutil-2.9.0.post0 scikit-learn-1.9.1 scipy-1.18.1 six-1.17.0 threadpoolctl-3.7.0
